// Jest Snapshot v1, https://goo.gl/fbAQLP

exports[`preval-extract/extractStyles module with cache disabled with single set to true, should write styles to a file 1`] = `
"/**
 * THIS FILE IS AUTOGENERATED. DO NOT EDIT IT DIRECTLY OR COMMIT IT TO VERSION CONTROL.
 * SOURCE: filename.js
 */

.classname{color: #ffffff}"
`;
